PASS __tests__/components/Header.test.tsx
FAIL __tests__/components/Footer.test.tsx
  ● Footer Component › renders office information

    TestingLibraryElementError: Unable to find an element with the text: /(212) 555-0198/i. This could be because the text is broken up by multiple elements. In this case, you can provide a function for your text matcher to make your matcher more flexible.

    Ignored nodes: comments, script, style
    [36m<body>[39m
      [36m<div>[39m
        [36m<footer[39m
          [33mclass[39m=[32m"bg-slate-900 text-slate-300 py-16 px-10 border-t border-slate-800"[39m
        [36m>[39m
          [36m<div[39m
            [33mclass[39m=[32m"max-w-[1200px] mx-auto grid grid-cols-1 md:grid-cols-4 gap-12"[39m
          [36m>[39m
            [36m<div[39m
              [33mclass[39m=[32m"col-span-1 md:col-span-1 flex flex-col gap-4"[39m
            [36m>[39m
              [36m<div[39m
                [33mclass[39m=[32m"flex items-center gap-3 text-white"[39m
              [36m>[39m
                [36m<svg[39m
                  [33maria-hidden[39m=[32m"true"[39m
                  [33mclass[39m=[32m"lucide lucide-gavel w-6 h-6 text-primary"[39m
                  [33mfill[39m=[32m"none"[39m
                  [33mheight[39m=[32m"24"[39m
                  [33mstroke[39m=[32m"currentColor"[39m
                  [33mstroke-linecap[39m=[32m"round"[39m
                  [33mstroke-linejoin[39m=[32m"round"[39m
                  [33mstroke-width[39m=[32m"2"[39m
                  [33mviewBox[39m=[32m"0 0 24 24"[39m
                  [33mwidth[39m=[32m"24"[39m
                  [33mxmlns[39m=[32m"http://www.w3.org/2000/svg"[39m
                [36m>[39m
                  [36m<path[39m
                    [33md[39m=[32m"m14 13-8.381 8.38a1 1 0 0 1-3.001-3l8.384-8.381"[39m
                  [36m/>[39m
                  [36m<path[39m
                    [33md[39m=[32m"m16 16 6-6"[39m
                  [36m/>[39m
                  [36m<path[39m
                    [33md[39m=[32m"m21.5 10.5-8-8"[39m
                  [36m/>[39m
                  [36m<path[39m
                    [33md[39m=[32m"m8 8 6-6"[39m
                  [36m/>[39m
                  [36m<path[39m
                    [33md[39m=[32m"m8.5 7.5 8 8"[39m
                  [36m/>[39m
                [36m</svg>[39m
                [36m<h2[39m
                  [33mclass[39m=[32m"text-xl font-bold font-serif uppercase tracking-widest"[39m
                [36m>[39m
                  [0mLegalExcellence[0m
                [36m</h2>[39m
              [36m</div>[39m
              [36m<p[39m
                [33mclass[39m=[32m"text-sm leading-relaxed text-slate-400 mt-2"[39m
              [36m>[39m
                [0mPremium legal services with a focus on integrity, excellence, and the relentless pursuit of justice for our clients.[0m
              [36m</p>[39m
            [36m</div>[39m
            [36m<div[39m
              [33mclass[39m=[32m"flex flex-col gap-4"[39m
            [36m>[39m
              [36m<h4[39m
                [33mclass[39m=[32m"text-white font-bold uppercase tracking-widest text-sm"[39m
              [36m>[39m
                [0mQuick Links[0m
              [36m</h4>[39m
              [36m<ul[39m
                [33mclass[39m=[32m"flex flex-col gap-2 text-sm"[39m
              [36m>[39m
                [36m<li>[39m
                  [36m<a[39m
                    [33mclass[39m=[32m"hover:text-accent transition-colors"[39m
                    [33mhref[39m=[32m"/about"[39m
                  [36m>[39m
                    [0mOur Firm[0m
                  [36m</a>[39m
                [36m</li>[39m
                [36m<li>[39m
                  [36m<a[39m
                    [33mclass[39m=[32m"hover:text-accent transition-colors"[39m
                    [33mhref[39m=[32m"/practices"[39m
                  [36m>[39m
                    [0mPractices[0m
                  [36m</a>[39m
                [36m</li>[39m
                [36m<li>[39m
                  [36m<a[39m
                    [33mclass[39m=[32m"hover:text-accent transition-colors"[39m
                    [33mhref[39m=[32m"/insights"[39m
                  [36m>[39m
                    [0mInsights[0m
                  [36m</a>[39m
                [36m</li>[39m
                [36m<li>[39m
                  [36m<a[39m
                    [33mclass[39m=[32m"hover:text-accent transition-colors"[39m
                    [33mhref[39m=[32m"/contact"[39m
                  [36m>[39m
                    [0mContact Us[0m
                  [36m</a>[39m
                [36m</li>[39m
              [36m</ul>[39m
            [36m</div>[39m
            [36m<div[39m
              [33mclass[39m=[32m"flex flex-col gap-4"[39m
            [36m>[39m
              [36m<h4[39m
                [33mclass[39m=[32m"text-white font-bold uppercase tracking-widest text-sm"[39m
              [36m>[39m
                [0mContact Info[0m
              [36m</h4>[39m
              [36m<ul[39m
                [33mclass[39m=[32m"flex flex-col gap-3 text-sm"[39m
              [36m>[39m
                [36m<li[39m
                  [33mclass[39m=[32m"flex items-start gap-3"[39m
                [36m>[39m
                  [36m<svg[39m
                    [33maria-hidden[39m=[32m"true"[39m
                    [33mclass[39m=[32m"lucide lucide-map-pin w-4 h-4 text-accent mt-0.5 min-w-[16px]"[39m
                    [33mfill[39m=[32m"none"[39m
                    [33mheight[39m=[32m"24"[39m
                    [33mstroke[39m=[32m"currentColor"[39m
                    [33mstroke-linecap[39m=[32m"round"[39m
                    [33mstroke-linejoin[39m=[32m"round"[39m
                    [33mstroke-width[39m=[32m"2"[39m
                    [33mviewBox[39m=[32m"0 0 24 24"[39m
                    [33mwidth[39m=[32m"24"[39m
                    [33mxmlns[39m=[32m"http://www.w3.org/2000/svg"[39m
                  [36m>[39m
                    [36m<path[39m
                      [33md[39m=[32m"M20 10c0 4.993-5.539 10.193-7.399 11.799a1 1 0 0 1-1.202 0C9.539 20.193 4 14.993 4 10a8 8 0 0 1 16 0"[39m
                    [36m/>[39m
                    [36m<circle[39m
                      [33mcx[39m=[32m"12"[39m
                      [33mcy[39m=[32m"10"[39m
                      [33mr[39m=[32m"3"[39m
                    [36m/>[39m
                  [36m</svg>[39m
                  [36m<span>[39m
                    [0m123 Legal Plaza, Suite 400[0m
                    [36m<br />[39m
                    [0mNew York, NY 10001[0m
                  [36m</span>[39m
                [36m</li>[39m
                [36m<li[39m
                  [33mclass[39m=[32m"flex items-center gap-3"[39m
                [36m>[39m
                  [36m<svg[39m
                    [33maria-hidden[39m=[32m"true"[39m
                    [33mclass[39m=[32m"lucide lucide-phone w-4 h-4 text-accent min-w-[16px]"[39m
                    [33mfill[39m=[32m"none"[39m
                    [33mheight[39m=[32m"24"[39m
                    [33mstroke[39m=[32m"currentColor"[39m
                    [33mstroke-linecap[39m=[32m"round"[39m
                    [33mstroke-linejoin[39m=[32m"round"[39m
                    [33mstroke-width[39m=[32m"2"[39m
                    [33mviewBox[39m=[32m"0 0 24 24"[39m
                    [33mwidth[39m=[32m"24"[39m
                    [33mxmlns[39m=[32m"http://www.w3.org/2000/svg"[39m
                  [36m>[39m
                    [36m<path[39m
                      [33md[39m=[32m"M13.832 16.568a1 1 0 0 0 1.213-.303l.355-.465A2 2 0 0 1 17 15h3a2 2 0 0 1 2 2v3a2 2 0 0 1-2 2A18 18 0 0 1 2 4a2 2 0 0 1 2-2h3a2 2 0 0 1 2 2v3a2 2 0 0 1-.8 1.6l-.468.351a1 1 0 0 0-.292 1.233 14 14 0 0 0 6.392 6.384"[39m
                    [36m/>[39m
                  [36m</svg>[39m
                  [36m<span>[39m
                    [0m(212) 555-0198[0m
                  [36m</span>[39m
                [36m</li>[39m
              [36m</ul>[39m
            [36m</div>[39m
            [36m<div[39m
              [33mclass[39m=[32m"flex flex-col gap-4"[39m
            [36m>[39m
              [36m<h4[39m
                [33mclass[39m=[32m"text-white font-bold uppercase tracking-widest text-sm"[39m
              [36m>[39m
                [0mNewsletter[0m
              [36m</h4>[39m
              [36m<p[39m
                [33mclass[39m=[32m"text-xs text-slate-400"[39m
              [36m>[39m
                [0mSubscribe for monthly legal insights and updates.[0m
              [36m</p>[39m
              [36m<div[39m
                [33mclass[39m=[32m"flex"[39m
              [36m>[39m
                [36m<input[39m
                  [33mclass[39m=[32m"bg-slate-800 border-none text-white text-sm px-4 py-2 rounded-l-lg w-full focus:ring-1 focus:ring-accent outline-none"[39m
                  [33mplaceholder[39m=[32m"Email Address"[39m
                  [33mtype[39m=[32m"email"[39m
                [36m/>[39m
                [36m<button[39m
                  [33mclass[39m=[32m"bg-accent text-slate-900 px-4 py-2 rounded-r-lg hover:bg-yellow-600 transition-colors"[39m
                [36m>[39m
                  [36m<svg[39m
                    [33maria-hidden[39m=[32m"true"[39m
                    [33mclass[39m=[32m"lucide lucide-send w-5 h-5"[39m
                    [33mfill[39m=[32m"none"[39m
                    [33mheight[39m=[32m"24"[39m
                    [33mstroke[39m=[32m"currentColor"[39m
                    [33mstroke-linecap[39m=[32m"round"[39m
                    [33mstroke-linejoin[39m=[32m"round"[39m
                    [33mstroke-width[39m=[32m"2"[39m
                    [33mviewBox[39m=[32m"0 0 24 24"[39m
                    [33mwidth[39m=[32m"24"[39m
                    [33mxmlns[39m=[32m"http://www.w3.org/2000/svg"[39m
                  [36m>[39m
                    [36m<path[39m
                      [33md[39m=[32m"M14.536 21.686a.5.5 0 0 0 .937-.024l6.5-19a.496.496 0 0 0-.635-.635l-19 6.5a.5.5 0 0 0-.024.937l7.93 3.18a2 2 0 0 1 1.112 1.11z"[39m
                    [36m/>[39m
                    [36m<path[39m
                      [33md[39m=[32m"m21.854 2.147-10.94 10.939"[39m
                    [36m/>[39m
                  [36m</svg>[39m
                [36m</button>[39m
              [36m</div>[39m
            [36m</div>[39m
          [36m</div>[39m
          [36m<div[39m
            [33mclass[39m=[32m"max-w-[1200px] mx-auto mt-16 pt-8 border-t border-slate-800 text-center text-xs text-slate-500 flex flex-col md:flex-row justify-between items-center gap-4"[39m
          [36m>[39m
            [36m<p>[39m
              [0m© [0m
              [0m2026[0m
              [0m [0m
              [0mLegalExcellence[0m
              [0m LLP. All rights reserved. Attorney Advertising.[0m
            [36m</p>[39m
            [36m<div[39m
              [33mclass[39m=[32m"flex gap-6"[39m
            [36m>[39m
              [36m<a[39m
                [33mclass[39m=[32m"hover:text-slate-300"[39m
                [33mhref[39m=[32m"/privacy"[39m
              [36m>[39m
                [0mPrivacy Policy[0m
              [36m</a>[39m
              [36m<a[39m
                [33mclass[39m=[32m"hover:text-slate-300"[39m
                [33mhref[39m=[32m"/terms"[39m
              [36m>[39m
                [0mTerms of Service[0m
              [36m</a>[39m
            [36m</div>[39m
          [36m</div>[39m
        [36m</footer>[39m
      [36m</div>[39m
    [36m</body>[39m

    [0m [90m  7 |[39m         render([33m<[39m[33mFooter[39m [33m/[39m[33m>[39m)[33m;[39m
     [90m  8 |[39m         expect(screen[33m.[39mgetAllByText([36mnew[39m [33mRegExp[39m([33mOFFICE_INFO[39m[33m.[39mname[33m,[39m [32m'i'[39m))[33m.[39mlength)[33m.[39mtoBeGreaterThan([35m0[39m)[33m;[39m
    [31m[1m>[22m[39m[90m  9 |[39m         expect(screen[33m.[39mgetByText([36mnew[39m [33mRegExp[39m([33mOFFICE_INFO[39m[33m.[39mphone[33m,[39m [32m'i'[39m)))[33m.[39mtoBeInTheDocument()[33m;[39m
     [90m    |[39m                       [31m[1m^[22m[39m
     [90m 10 |[39m     })[33m;[39m
     [90m 11 |[39m
     [90m 12 |[39m     it([32m'renders quick links'[39m[33m,[39m () [33m=>[39m {[0m

      at Object.getElementError (node_modules/@testing-library/dom/dist/config.js:37:19)
      at node_modules/@testing-library/dom/dist/query-helpers.js:76:38
      at node_modules/@testing-library/dom/dist/query-helpers.js:52:17
      at node_modules/@testing-library/dom/dist/query-helpers.js:95:19
      at Object.getByText (__tests__/components/Footer.test.tsx:9:23)

PASS __tests__/components/PracticeAreasSection.test.tsx
PASS __tests__/components/PillarsSection.test.tsx
PASS __tests__/app/page.test.tsx
PASS __tests__/components/HeroSection.test.tsx

Test Suites: 1 failed, 5 passed, 6 total
Tests:       1 failed, 12 passed, 13 total
Snapshots:   0 total
Time:        8.984 s
Ran all test suites.
